<html>
<body>
<pre>
<h1>µVision Build Log</h1>
<h2>Project:</h2>
E:\eclipse\RT-Thread\bsp\mini2440\MDK\TQ2440.uvproj
Project File Date:  12/17/2011

<h2>Output:</h2>
Build target 'TQ2440'
compiling application.c...
compiling board.c...
compiling calibration.c...
..\calibration.c(1): error:  #5: cannot open source input file "rtgui/rtgui.h": No such file or directory
compiling console.c...
compiling dm9000.c...
..\dm9000.c(2): error:  #5: cannot open source input file "netif/ethernetif.h": No such file or directory
compiling key.c...
compiling lcd_a70.c...
compiling lcd_n35.c...
compiling lcd_t35.c...
compiling lcd_x35.c...
compiling led.c...
compiling sdcard.c...
..\sdcard.c(189): warning:  #177-D: function "sd_init" was declared but never referenced
..\sdcard.c(244): warning:  #177-D: function "sd_readblock" was declared but never referenced
..\sdcard.c(293): warning:  #177-D: function "sd_writeblock" was declared but never referenced
compiling startup.c...
..\startup.c(102): error:  #20: identifier "__bss_end" is undefined
..\startup.c(115): warning:  #223-D: function "rt_hw_serial_register" declared implicitly
..\startup.c(161): warning:  #951-D: return type of function "main" must be "int"
compiling touch.c...
compiling clock.c...
compiling device.c...
compiling idle.c...
compiling ipc.c...
compiling irq.c...
compiling kservice.c...
compiling mem.c...
compiling mempool.c...
compiling module.c...
compiling object.c...
compiling rtm.c...
compiling scheduler.c...
compiling slab.c...
compiling thread.c...
compiling timer.c...
assembling context_rvds.S...
compiling cpu.c...
compiling interrupt.c...
compiling mmu.c...
compiling rtc.c...
..\..\..\libcpu\arm\s3c24x0\rtc.c(173): error:  #5: cannot open source input file "finsh.h": No such file or directory
compiling serial.c...
compiling stack.c...
assembling start_rvds.S...
compiling system_clock.c...
compiling trap.c...
Target not created
Build target 'TQ2440'
compiling startup.c...
..\startup.c(102): error:  #20: identifier "__bss_end" is undefined
..\startup.c(115): warning:  #223-D: function "rt_hw_serial_register" declared implicitly
..\startup.c(161): warning:  #951-D: return type of function "main" must be "int"
compiling rtc.c...
..\..\..\libcpu\arm\s3c24x0\rtc.c(173): error:  #5: cannot open source input file "finsh.h": No such file or directory
Target not created
Build target 'TQ2440'
compiling startup.c...
..\startup.c(116): warning:  #223-D: function "rt_hw_serial_register" declared implicitly
compiling rtc.c...
..\..\..\libcpu\arm\s3c24x0\rtc.c(173): error:  #5: cannot open source input file "finsh.h": No such file or directory
Target not created
Build target 'TQ2440'
compiling application.c...
compiling board.c...
compiling console.c...
compiling key.c...
compiling lcd_a70.c...
compiling lcd_n35.c...
compiling lcd_t35.c...
compiling lcd_x35.c...
compiling led.c...
compiling sdcard.c...
..\sdcard.c(189): warning:  #177-D: function "sd_init" was declared but never referenced
..\sdcard.c(244): warning:  #177-D: function "sd_readblock" was declared but never referenced
..\sdcard.c(293): warning:  #177-D: function "sd_writeblock" was declared but never referenced
compiling startup.c...
..\startup.c(116): warning:  #223-D: function "rt_hw_serial_register" declared implicitly
compiling touch.c...
compiling clock.c...
compiling device.c...
compiling idle.c...
compiling ipc.c...
compiling irq.c...
compiling kservice.c...
compiling mem.c...
compiling mempool.c...
compiling module.c...
compiling object.c...
compiling rtm.c...
compiling scheduler.c...
compiling slab.c...
compiling thread.c...
compiling timer.c...
compiling cpu.c...
compiling interrupt.c...
compiling mmu.c...
compiling rtc.c...
compiling serial.c...
compiling stack.c...
compiling system_clock.c...
compiling trap.c...
linking...
.\obj\RTT_TQ2440.axf: Error: L6200E: Symbol rt_hw_lcd_init multiply defined (by lcd_n35.o and lcd_a70.o).
.\obj\RTT_TQ2440.axf: Error: L6200E: Symbol rt_hw_lcd_init multiply defined (by lcd_t35.o and lcd_a70.o).
.\obj\RTT_TQ2440.axf: Error: L6200E: Symbol rt_hw_lcd_init multiply defined (by lcd_x35.o and lcd_a70.o).
Target not created
Build target 'TQ2440'
linking...
.\obj\RTT_TQ2440.axf: Error: L6200E: Symbol rt_hw_lcd_init multiply defined (by lcd_t35.o and lcd_n35.o).
.\obj\RTT_TQ2440.axf: Error: L6200E: Symbol rt_hw_lcd_init multiply defined (by lcd_x35.o and lcd_n35.o).
Target not created
Build target 'TQ2440'
linking...
.\obj\RTT_TQ2440.axf: Error: L6200E: Symbol rt_hw_lcd_init multiply defined (by lcd_x35.o and lcd_t35.o).
Target not created
Build target 'TQ2440'
compiling application.c...
compiling board.c...
compiling console.c...
compiling key.c...
compiling lcd_t35.c...
compiling lcd_x35.c...
compiling led.c...
compiling sdcard.c...
..\sdcard.c(189): warning:  #177-D: function "sd_init" was declared but never referenced
..\sdcard.c(244): warning:  #177-D: function "sd_readblock" was declared but never referenced
..\sdcard.c(293): warning:  #177-D: function "sd_writeblock" was declared but never referenced
compiling startup.c...
..\startup.c(116): warning:  #223-D: function "rt_hw_serial_register" declared implicitly
compiling touch.c...
compiling clock.c...
compiling device.c...
compiling idle.c...
compiling ipc.c...
compiling irq.c...
compiling kservice.c...
compiling mem.c...
compiling mempool.c...
compiling module.c...
compiling object.c...
compiling rtm.c...
compiling scheduler.c...
compiling slab.c...
compiling thread.c...
compiling timer.c...
assembling context_rvds.S...
compiling cpu.c...
compiling interrupt.c...
compiling mmu.c...
compiling rtc.c...
compiling serial.c...
compiling stack.c...
assembling start_rvds.S...
compiling system_clock.c...
compiling trap.c...
linking...
.\obj\RTT_TQ2440.axf: Error: L6200E: Symbol rt_hw_lcd_init multiply defined (by lcd_x35.o and lcd_t35.o).
Target not created
Build target 'TQ2440'
linking...
Program Size: Code=28592 RO-data=340 RW-data=340 ZI-data=1053648  
FromELF: creating hex file...
".\obj\RTT_TQ2440.axf" - 0 Error(s), 0 Warning(s).
